127.0.0.1 - - [01/Dec/2024:20:19:14 -0300] "GET / HTTP/1.1" 404 764
127.0.0.1 - - [01/Dec/2024:20:20:18 -0300] "GET / HTTP/1.1" 404 764
127.0.0.1 - - [01/Dec/2024:20:20:35 -0300] "GET / HTTP/1.1" 404 764
127.0.0.1 - - [01/Dec/2024:20:20:35 -0300] "GET /favicon.ico HTTP/1.1" 404 775
127.0.0.1 - - [01/Dec/2024:20:21:34 -0300] "GET / HTTP/1.1" 404 764
127.0.0.1 - - [01/Dec/2024:20:21:50 -0300] "GET /webapi/ HTTP/1.1" 404 775
127.0.0.1 - - [01/Dec/2024:20:22:08 -0300] "GET /jax_rs/ HTTP/1.1" 200 239
127.0.0.1 - - [01/Dec/2024:20:22:52 -0300] "GET /jax_rs/ HTTP/1.1" 200 239
127.0.0.1 - - [01/Dec/2024:20:23:06 -0300] "GET /jax_rs/webapi/myresource HTTP/1.1" 200 7
127.0.0.1 - - [01/Dec/2024:20:26:12 -0300] "GET /jax_rs/ HTTP/1.1" 200 239
127.0.0.1 - - [01/Dec/2024:20:55:20 -0300] "GET /jax_rs/ HTTP/1.1" 200 239
127.0.0.1 - - [01/Dec/2024:20:55:21 -0300] "GET /jax_rs/webapi/myresource HTTP/1.1" 200 7
127.0.0.1 - - [01/Dec/2024:20:57:12 -0300] "GET /jax_rs/webapi/myresource HTTP/1.1" 500 4867
127.0.0.1 - - [01/Dec/2024:20:57:18 -0300] "GET /jax_rs/webapi/myresource/ok HTTP/1.1" 200 10
127.0.0.1 - - [01/Dec/2024:20:57:59 -0300] "GET /jax_rs/webapi/myresource HTTP/1.1" 404 726
127.0.0.1 - - [01/Dec/2024:20:58:55 -0300] "GET / HTTP/1.1" 404 764
127.0.0.1 - - [01/Dec/2024:20:58:58 -0300] "GET /jax_rs/webapi/myresource HTTP/1.1" 404 726
127.0.0.1 - - [01/Dec/2024:20:58:59 -0300] "GET /jax_rs/webapi/myresource HTTP/1.1" 404 726
127.0.0.1 - - [01/Dec/2024:20:59:00 -0300] "GET /jax_rs/webapi/myresource HTTP/1.1" 404 726
127.0.0.1 - - [01/Dec/2024:20:59:01 -0300] "GET /jax_rs/webapi/myresource HTTP/1.1" 404 726
127.0.0.1 - - [01/Dec/2024:20:59:01 -0300] "GET /jax_rs/webapi/myresource HTTP/1.1" 404 726
127.0.0.1 - - [01/Dec/2024:20:59:02 -0300] "GET /jax_rs/webapi/myresource HTTP/1.1" 404 726
127.0.0.1 - - [01/Dec/2024:20:59:06 -0300] "GET /jax_rs/webapi/myresource/got HTTP/1.1" 200 7
127.0.0.1 - - [01/Dec/2024:20:59:52 -0300] "GET /jax_rs/webapi/myresource HTTP/1.1" 404 726
127.0.0.1 - - [01/Dec/2024:20:59:56 -0300] "GET /jax_rs/webapi/myresource HTTP/1.1" 404 726
127.0.0.1 - - [01/Dec/2024:20:59:59 -0300] "GET /jax_rs/webapi/myresource HTTP/1.1" 404 726
127.0.0.1 - - [01/Dec/2024:21:00:01 -0300] "GET /jax_rs/webapi/myresource HTTP/1.1" 404 726
127.0.0.1 - - [01/Dec/2024:21:01:08 -0300] "GET /jax_rs/webapi/myresource/ok HTTP/1.1" 200 10
127.0.0.1 - - [01/Dec/2024:21:01:13 -0300] "GET /jax_rs/webapi/myresource/got HTTP/1.1" 200 7
127.0.0.1 - - [01/Dec/2024:21:03:28 -0300] "GET / HTTP/1.1" 404 764
127.0.0.1 - - [01/Dec/2024:21:03:37 -0300] "GET /jax_rs/ HTTP/1.1" 200 320
127.0.0.1 - - [01/Dec/2024:21:03:37 -0300] "GET /jax_rs/ HTTP/1.1" 200 320
127.0.0.1 - - [01/Dec/2024:21:03:39 -0300] "GET /jax_rs/webapi/myresource/got HTTP/1.1" 200 7
127.0.0.1 - - [01/Dec/2024:21:03:41 -0300] "GET /jax_rs/webapi/myresource/ok HTTP/1.1" 200 10
127.0.0.1 - - [01/Dec/2024:21:03:43 -0300] "GET /jax_rs/webapi/myresource/got HTTP/1.1" 200 7
127.0.0.1 - - [01/Dec/2024:21:03:45 -0300] "GET /jax_rs/webapi/myresource/ok HTTP/1.1" 200 10
127.0.0.1 - - [01/Dec/2024:21:19:04 -0300] "GET / HTTP/1.1" 404 764
127.0.0.1 - - [01/Dec/2024:21:19:15 -0300] "GET /jax_rs/api/teste HTTP/1.1" 404 788
127.0.0.1 - - [01/Dec/2024:21:19:43 -0300] "GET /jax_rs/webapi/myresource/got HTTP/1.1" 200 7
127.0.0.1 - - [01/Dec/2024:21:19:59 -0300] "GET /jax_rs/webapi/api/teste HTTP/1.1" 200 2
127.0.0.1 - - [01/Dec/2024:21:20:24 -0300] "GET / HTTP/1.1" 404 764
127.0.0.1 - - [01/Dec/2024:21:20:24 -0300] "GET /jax_rs/webapi/api/teste HTTP/1.1" 404 799
127.0.0.1 - - [01/Dec/2024:21:20:28 -0300] "GET /jax_rs/api/api/teste HTTP/1.1" 200 2
127.0.0.1 - - [01/Dec/2024:21:21:17 -0300] "GET / HTTP/1.1" 404 764
127.0.0.1 - - [01/Dec/2024:21:21:21 -0300] "GET /jax_rs/ HTTP/1.1" 200 314
127.0.0.1 - - [01/Dec/2024:21:21:23 -0300] "GET /jax_rs/api/myresource/got HTTP/1.1" 200 7
127.0.0.1 - - [01/Dec/2024:21:21:25 -0300] "GET /jax_rs/api/myresource/ok HTTP/1.1" 200 10
127.0.0.1 - - [01/Dec/2024:21:23:49 -0300] "GET / HTTP/1.1" 404 764
0:0:0:0:0:0:0:1 - - [01/Dec/2024:21:25:23 -0300] "POST /api/testes HTTP/1.1" 404 778
127.0.0.1 - - [01/Dec/2024:21:25:33 -0300] "GET /jax_rs/api/myresource/got HTTP/1.1" 500 7528
127.0.0.1 - - [01/Dec/2024:21:25:33 -0300] "GET /favicon.ico HTTP/1.1" 404 775
127.0.0.1 - - [01/Dec/2024:21:25:58 -0300] "GET / HTTP/1.1" 404 764
0:0:0:0:0:0:0:1 - - [01/Dec/2024:21:26:15 -0300] "GET /api/myresource/got HTTP/1.1" 404 790
127.0.0.1 - - [01/Dec/2024:21:29:13 -0300] "GET /jax_rs/api/myresource/got HTTP/1.1" 200 7
0:0:0:0:0:0:0:1 - - [01/Dec/2024:21:29:27 -0300] "POST /api/testes HTTP/1.1" 404 778
0:0:0:0:0:0:0:1 - - [01/Dec/2024:21:29:37 -0300] "POST /api/myresource/got HTTP/1.1" 404 790
0:0:0:0:0:0:0:1 - - [01/Dec/2024:21:29:40 -0300] "GET /api/myresource/got HTTP/1.1" 404 790
0:0:0:0:0:0:0:1 - - [01/Dec/2024:21:30:03 -0300] "POST /jax_rs/api/teste HTTP/1.1" 404 726
0:0:0:0:0:0:0:1 - - [01/Dec/2024:21:30:19 -0300] "POST /jax_rs/api/myresource/got HTTP/1.1" 405 726
0:0:0:0:0:0:0:1 - - [01/Dec/2024:21:30:25 -0300] "GET /jax_rs/api/myresource/got HTTP/1.1" 200 7
127.0.0.1 - - [01/Dec/2024:21:31:52 -0300] "GET / HTTP/1.1" 404 764
0:0:0:0:0:0:0:1 - - [01/Dec/2024:21:32:00 -0300] "GET /jax_rs/api/testes/alou HTTP/1.1" 415 773
0:0:0:0:0:0:0:1 - - [01/Dec/2024:21:32:20 -0300] "GET /jax_rs/api/testes/alou HTTP/1.1" 415 773
0:0:0:0:0:0:0:1 - - [01/Dec/2024:21:32:21 -0300] "GET /jax_rs/api/testes/alou HTTP/1.1" 415 773
127.0.0.1 - - [01/Dec/2024:21:32:32 -0300] "GET / HTTP/1.1" 404 764
0:0:0:0:0:0:0:1 - - [01/Dec/2024:21:32:43 -0300] "GET /jax_rs/api/testes/alou HTTP/1.1" 415 773
0:0:0:0:0:0:0:1 - - [01/Dec/2024:21:33:06 -0300] "GET /jax_rs/api/myresource/got HTTP/1.1" 200 7
0:0:0:0:0:0:0:1 - - [01/Dec/2024:21:33:45 -0300] "GET /jax_rs/api/testes/alou HTTP/1.1" 500 9033
127.0.0.1 - - [01/Dec/2024:21:34:47 -0300] "GET / HTTP/1.1" 404 764
0:0:0:0:0:0:0:1 - - [01/Dec/2024:21:34:49 -0300] "GET /jax_rs/api/testes/alou HTTP/1.1" 200 4
127.0.0.1 - - [01/Dec/2024:21:40:05 -0300] "GET / HTTP/1.1" 404 764
0:0:0:0:0:0:0:1 - - [01/Dec/2024:21:40:20 -0300] "GET /jax_rs/api/testes/alou HTTP/1.1" 200 4
0:0:0:0:0:0:0:1 - - [01/Dec/2024:21:40:24 -0300] "GET /jax_rs/api/testes/alou HTTP/1.1" 200 4
127.0.0.1 - - [01/Dec/2024:21:54:50 -0300] "GET / HTTP/1.1" 404 764
0:0:0:0:0:0:0:1 - - [01/Dec/2024:21:55:04 -0300] "POST /jax_rs/api/testes/create HTTP/1.1" 405 726
0:0:0:0:0:0:0:1 - - [01/Dec/2024:21:55:25 -0300] "POST /jax_rs/api/testes/create HTTP/1.1" 405 726
127.0.0.1 - - [01/Dec/2024:21:55:36 -0300] "GET / HTTP/1.1" 404 764
0:0:0:0:0:0:0:1 - - [01/Dec/2024:21:55:36 -0300] "POST /jax_rs/api/testes/create HTTP/1.1" 500 9036
127.0.0.1 - - [01/Dec/2024:21:58:21 -0300] "GET / HTTP/1.1" 404 764
0:0:0:0:0:0:0:1 - - [01/Dec/2024:21:58:27 -0300] "POST /jax_rs/api/testes/create HTTP/1.1" 500 9036
127.0.0.1 - - [01/Dec/2024:22:02:58 -0300] "GET / HTTP/1.1" 404 764
0:0:0:0:0:0:0:1 - - [01/Dec/2024:22:03:04 -0300] "POST /jax_rs/api/testes/create HTTP/1.1" 500 14649
127.0.0.1 - - [01/Dec/2024:22:05:41 -0300] "GET / HTTP/1.1" 404 764
0:0:0:0:0:0:0:1 - - [01/Dec/2024:22:05:41 -0300] "POST /jax_rs/api/testes/create HTTP/1.1" 500 14649
0:0:0:0:0:0:0:1 - - [01/Dec/2024:22:08:44 -0300] "GET /jax_rs/api/testes/getAll HTTP/1.1" 500 14649
127.0.0.1 - - [01/Dec/2024:22:08:59 -0300] "GET / HTTP/1.1" 404 764
0:0:0:0:0:0:0:1 - - [01/Dec/2024:22:08:59 -0300] "GET /jax_rs/api/testes/getAll HTTP/1.1" 500 14649
127.0.0.1 - - [01/Dec/2024:22:09:59 -0300] "GET / HTTP/1.1" 404 764
0:0:0:0:0:0:0:1 - - [01/Dec/2024:22:09:59 -0300] "GET /jax_rs/api/testes/getAll HTTP/1.1" 404 726
127.0.0.1 - - [01/Dec/2024:22:10:14 -0300] "GET / HTTP/1.1" 404 764
0:0:0:0:0:0:0:1 - - [01/Dec/2024:22:10:16 -0300] "GET /jax_rs/api/testes/getAll HTTP/1.1" 404 726
0:0:0:0:0:0:0:1 - - [01/Dec/2024:22:10:23 -0300] "GET /jax_rs/api/testes/getAll HTTP/1.1" 404 726
0:0:0:0:0:0:0:1 - - [01/Dec/2024:22:10:36 -0300] "GET /jax_rs/api/testes/getAll HTTP/1.1" 404 726
0:0:0:0:0:0:0:1 - - [01/Dec/2024:22:10:37 -0300] "GET /jax_rs/api/testes/getAll HTTP/1.1" 404 726
127.0.0.1 - - [01/Dec/2024:22:10:58 -0300] "GET / HTTP/1.1" 404 764
0:0:0:0:0:0:0:1 - - [01/Dec/2024:22:10:59 -0300] "GET /jax_rs/api/testes/getAll HTTP/1.1" 404 726
0:0:0:0:0:0:0:1 - - [01/Dec/2024:22:11:16 -0300] "GET /jax_rs/api/testes/getAll HTTP/1.1" 404 726
0:0:0:0:0:0:0:1 - - [01/Dec/2024:22:11:17 -0300] "GET /jax_rs/api/testes/getAll HTTP/1.1" 404 726
0:0:0:0:0:0:0:1 - - [01/Dec/2024:22:11:18 -0300] "GET /jax_rs/api/testes/getAll HTTP/1.1" 404 726
0:0:0:0:0:0:0:1 - - [01/Dec/2024:22:11:21 -0300] "GET /jax_rs/api/testes/getAll HTTP/1.1" 500 14649
0:0:0:0:0:0:0:1 - - [01/Dec/2024:22:11:56 -0300] "GET /jax_rs/api/testes HTTP/1.1" 500 14649
0:0:0:0:0:0:0:1 - - [01/Dec/2024:22:12:48 -0300] "GET /jax_rs/api/testes HTTP/1.1" 500 14649
127.0.0.1 - - [01/Dec/2024:22:14:05 -0300] "GET / HTTP/1.1" 404 764
0:0:0:0:0:0:0:1 - - [01/Dec/2024:22:14:05 -0300] "GET /jax_rs/api/testes HTTP/1.1" 500 14649
127.0.0.1 - - [01/Dec/2024:22:14:37 -0300] "GET / HTTP/1.1" 404 764
0:0:0:0:0:0:0:1 - - [01/Dec/2024:22:14:37 -0300] "GET /jax_rs/api/testes HTTP/1.1" 500 14649
0:0:0:0:0:0:0:1 - - [01/Dec/2024:22:14:39 -0300] "GET /jax_rs/api/testes HTTP/1.1" 500 14649
0:0:0:0:0:0:0:1 - - [01/Dec/2024:22:14:40 -0300] "GET /jax_rs/api/testes HTTP/1.1" 500 14649
0:0:0:0:0:0:0:1 - - [01/Dec/2024:22:14:48 -0300] "GET /jax_rs/api/testes/alou HTTP/1.1" 500 14649
0:0:0:0:0:0:0:1 - - [01/Dec/2024:22:15:02 -0300] "GET /jax_rs/api/testes/alou HTTP/1.1" 500 14649
0:0:0:0:0:0:0:1 - - [01/Dec/2024:22:15:04 -0300] "GET /jax_rs/api/testes/alou HTTP/1.1" 500 14649
0:0:0:0:0:0:0:1 - - [01/Dec/2024:22:15:05 -0300] "GET /jax_rs/api/testes/alou HTTP/1.1" 500 14649
0:0:0:0:0:0:0:1 - - [01/Dec/2024:22:15:05 -0300] "GET /jax_rs/api/testes/alou HTTP/1.1" 500 14649
127.0.0.1 - - [01/Dec/2024:22:15:52 -0300] "GET / HTTP/1.1" 404 764
0:0:0:0:0:0:0:1 - - [01/Dec/2024:22:15:53 -0300] "GET /jax_rs/api/testes/alou HTTP/1.1" 500 9033
0:0:0:0:0:0:0:1 - - [01/Dec/2024:22:15:58 -0300] "GET /jax_rs/api/testes/alou HTTP/1.1" 500 9033
127.0.0.1 - - [01/Dec/2024:22:16:27 -0300] "GET / HTTP/1.1" 404 764
0:0:0:0:0:0:0:1 - - [01/Dec/2024:22:16:27 -0300] "GET /jax_rs/api/testes/alou HTTP/1.1" 500 9036
0:0:0:0:0:0:0:1 - - [01/Dec/2024:22:16:49 -0300] "GET /jax_rs/api/myresource/got HTTP/1.1" 200 7
127.0.0.1 - - [01/Dec/2024:22:24:02 -0300] "GET / HTTP/1.1" 404 764
0:0:0:0:0:0:0:1 - - [01/Dec/2024:22:24:07 -0300] "GET /jax_rs/api/myresource/cliente HTTP/1.1" 500 9021
0:0:0:0:0:0:0:1 - - [01/Dec/2024:22:24:25 -0300] "GET /jax_rs/api/myresource/cliente HTTP/1.1" 500 9021
0:0:0:0:0:0:0:1 - - [01/Dec/2024:22:24:26 -0300] "GET /jax_rs/api/myresource/cliente HTTP/1.1" 500 9021
0:0:0:0:0:0:0:1 - - [01/Dec/2024:22:24:28 -0300] "GET /jax_rs/api/myresource/cliente HTTP/1.1" 500 9021
127.0.0.1 - - [01/Dec/2024:22:25:17 -0300] "GET / HTTP/1.1" 404 764
0:0:0:0:0:0:0:1 - - [01/Dec/2024:22:25:36 -0300] "GET /jax_rs/api/myresource/create HTTP/1.1" 500 9021
127.0.0.1 - - [01/Dec/2024:22:26:52 -0300] "GET / HTTP/1.1" 404 764
0:0:0:0:0:0:0:1 - - [01/Dec/2024:22:26:57 -0300] "GET /jax_rs/api/myresource/create HTTP/1.1" 500 9021
127.0.0.1 - - [01/Dec/2024:22:30:43 -0300] "GET / HTTP/1.1" 404 764
0:0:0:0:0:0:0:1 - - [01/Dec/2024:22:30:46 -0300] "GET /jax_rs/api/myresource/create HTTP/1.1" 500 9018
127.0.0.1 - - [01/Dec/2024:22:32:16 -0300] "GET / HTTP/1.1" 404 764
0:0:0:0:0:0:0:1 - - [01/Dec/2024:22:32:21 -0300] "GET /jax_rs/api/myresource/create HTTP/1.1" 500 9021
127.0.0.1 - - [01/Dec/2024:22:33:24 -0300] "GET / HTTP/1.1" 404 764
0:0:0:0:0:0:0:1 - - [01/Dec/2024:22:33:25 -0300] "GET /jax_rs/api/myresource/create HTTP/1.1" 200 15
0:0:0:0:0:0:0:1 - - [01/Dec/2024:22:33:45 -0300] "GET /jax_rs/api/myresource/cliente HTTP/1.1" 500 717
0:0:0:0:0:0:0:1 - - [01/Dec/2024:22:33:58 -0300] "GET /jax_rs/api/myresource/cliente HTTP/1.1" 500 717
127.0.0.1 - - [01/Dec/2024:22:37:34 -0300] "GET / HTTP/1.1" 404 764
0:0:0:0:0:0:0:1 - - [01/Dec/2024:22:37:34 -0300] "GET /jax_rs/api/myresource/cliente HTTP/1.1" 500 717
127.0.0.1 - - [01/Dec/2024:22:38:38 -0300] "GET / HTTP/1.1" 404 764
0:0:0:0:0:0:0:1 - - [01/Dec/2024:22:38:43 -0300] "GET /jax_rs/api/myresource/cliente HTTP/1.1" 500 717
0:0:0:0:0:0:0:1 - - [01/Dec/2024:22:40:15 -0300] "GET /jax_rs/api/myresource/cliente HTTP/1.1" 500 717
127.0.0.1 - - [01/Dec/2024:22:41:50 -0300] "GET / HTTP/1.1" 404 764
0:0:0:0:0:0:0:1 - - [01/Dec/2024:22:41:56 -0300] "GET /jax_rs/api/myresource/cliente HTTP/1.1" 500 717
127.0.0.1 - - [01/Dec/2024:22:51:21 -0300] "GET / HTTP/1.1" 404 764
0:0:0:0:0:0:0:1 - - [01/Dec/2024:22:51:23 -0300] "GET /jax_rs/api/myresource/cliente HTTP/1.1" 500 717
127.0.0.1 - - [01/Dec/2024:22:53:57 -0300] "GET / HTTP/1.1" 404 764
0:0:0:0:0:0:0:1 - - [01/Dec/2024:22:54:02 -0300] "GET /jax_rs/api/myresource/cliente HTTP/1.1" 500 4632
127.0.0.1 - - [01/Dec/2024:22:55:15 -0300] "GET / HTTP/1.1" 404 764
0:0:0:0:0:0:0:1 - - [01/Dec/2024:22:55:18 -0300] "GET /jax_rs/api/myresource/cliente HTTP/1.1" 500 717
0:0:0:0:0:0:0:1 - - [01/Dec/2024:22:55:29 -0300] "GET /jax_rs/api/myresource/create HTTP/1.1" 200 15
0:0:0:0:0:0:0:1 - - [01/Dec/2024:22:55:33 -0300] "GET /jax_rs/api/myresource/cliente HTTP/1.1" 500 717
0:0:0:0:0:0:0:1 - - [01/Dec/2024:22:55:38 -0300] "GET /jax_rs/api/myresource/cliente HTTP/1.1" 500 717
127.0.0.1 - - [01/Dec/2024:22:56:17 -0300] "GET /jax_rs/api/myresource/cliente HTTP/1.1" 500 717
127.0.0.1 - - [01/Dec/2024:22:58:58 -0300] "GET / HTTP/1.1" 404 764
127.0.0.1 - - [01/Dec/2024:23:01:14 -0300] "GET / HTTP/1.1" 404 764
127.0.0.1 - - [01/Dec/2024:23:01:47 -0300] "GET / HTTP/1.1" 404 764
0:0:0:0:0:0:0:1 - - [01/Dec/2024:23:08:13 -0300] "GET /jax_rs/api/myresource/cliente HTTP/1.1" 500 717
127.0.0.1 - - [01/Dec/2024:23:15:43 -0300] "GET / HTTP/1.1" 404 764
0:0:0:0:0:0:0:1 - - [01/Dec/2024:23:17:22 -0300] "GET /energia/webapi/myresource/ HTTP/1.1" 404 802
127.0.0.1 - - [01/Dec/2024:23:19:26 -0300] "GET / HTTP/1.1" 404 764
127.0.0.1 - - [01/Dec/2024:23:19:38 -0300] "GET / HTTP/1.1" 404 764
0:0:0:0:0:0:0:1 - - [01/Dec/2024:23:19:38 -0300] "GET /energia/webapi/myresource/ HTTP/1.1" 200 7
